[2026-09-09 17:41:04.162] [tick] libshiboken: Internal C++ object (PySide6.QtWidgets.QPushButton) already deleted.
Traceback (most recent call last):
  File "D:\FlowTap\ui\keyboard_mode.py", line 1052, in _tick
    update_all_btn(app)
  File "D:\FlowTap\ui\keyboard_mode.py", line 361, in update_all_btn
    app._update_mini_btn()
  File "D:\FlowTap\ui\app.py", line 292, in _update_mini_btn
    update_mini_btn(self)
  File "D:\FlowTap\ui\mini_mode.py", line 202, in update_mini_btn
    app._mini_all_btn.setText("■ 全部停止")
RuntimeError: libshiboken: Internal C++ object (PySide6.QtWidgets.QPushButton) already deleted.

[2026-09-09 17:55:00.759] [tick] libshiboken: Internal C++ object (PySide6.QtWidgets.QPushButton) already deleted.
Traceback (most recent call last):
  File "D:\FlowTap\ui\keyboard_mode.py", line 1052, in _tick
    update_all_btn(app)
  File "D:\FlowTap\ui\keyboard_mode.py", line 361, in update_all_btn
    app._update_mini_btn()
  File "D:\FlowTap\ui\app.py", line 292, in _update_mini_btn
    update_mini_btn(self)
  File "D:\FlowTap\ui\mini_mode.py", line 202, in update_mini_btn
    app._mini_all_btn.setText("■ 全部停止")
RuntimeError: libshiboken: Internal C++ object (PySide6.QtWidgets.QPushButton) already deleted.

[2026-09-09 17:55:24.759] [tick] libshiboken: Internal C++ object (PySide6.QtWidgets.QPushButton) already deleted.
Traceback (most recent call last):
  File "D:\FlowTap\ui\keyboard_mode.py", line 1052, in _tick
    update_all_btn(app)
  File "D:\FlowTap\ui\keyboard_mode.py", line 361, in update_all_btn
    app._update_mini_btn()
  File "D:\FlowTap\ui\app.py", line 292, in _update_mini_btn
    update_mini_btn(self)
  File "D:\FlowTap\ui\mini_mode.py", line 202, in update_mini_btn
    app._mini_all_btn.setText("■ 全部停止")
RuntimeError: libshiboken: Internal C++ object (PySide6.QtWidgets.QPushButton) already deleted.

[2026-09-09 17:55:29.703] [tick] libshiboken: Internal C++ object (PySide6.QtWidgets.QPushButton) already deleted.
Traceback (most recent call last):
  File "D:\FlowTap\ui\keyboard_mode.py", line 1052, in _tick
    update_all_btn(app)
  File "D:\FlowTap\ui\keyboard_mode.py", line 361, in update_all_btn
    app._update_mini_btn()
  File "D:\FlowTap\ui\app.py", line 292, in _update_mini_btn
    update_mini_btn(self)
  File "D:\FlowTap\ui\mini_mode.py", line 202, in update_mini_btn
    app._mini_all_btn.setText("■ 全部停止")
RuntimeError: libshiboken: Internal C++ object (PySide6.QtWidgets.QPushButton) already deleted.

[2026-09-09 17:55:40.770] [tick] libshiboken: Internal C++ object (PySide6.QtWidgets.QPushButton) already deleted.
Traceback (most recent call last):
  File "D:\FlowTap\ui\keyboard_mode.py", line 1052, in _tick
    update_all_btn(app)
  File "D:\FlowTap\ui\keyboard_mode.py", line 361, in update_all_btn
    app._update_mini_btn()
  File "D:\FlowTap\ui\app.py", line 292, in _update_mini_btn
    update_mini_btn(self)
  File "D:\FlowTap\ui\mini_mode.py", line 202, in update_mini_btn
    app._mini_all_btn.setText("■ 全部停止")
RuntimeError: libshiboken: Internal C++ object (PySide6.QtWidgets.QPushButton) already deleted.

